509 509 595 595 713 212 212 212 233 233 407 453 453 168 168 164 164 300 655 300 470 542 164 220 220 397 397 432 220 220 64 64 93 93 93 94 813 94 258 522 522 720 258 496 857 905 924 496 809 258 441 546 655 711 94 133