347 347 347 347 402 665 402 316 316 316 7 7 67 7 50 582 50 202 202 207 50 50 81 81 144 144 250 250 376 7 37 37 121 318 121 178 444 444 479 814 479 675 178 239 37 84 84 275 275 421 428 428 687 37 54 761 54 359 54 101 101 309 592 101 260 54 68 336 336 68 76 76 37 43 43 43 329 331 43 43 96 96 192 266 192