945 629 368 258 258 95 95 95 50 50 61 950 61 226 61 201 201 232 232 232 505 232 313 232 201 231 231 544 544 231 403 742 16 16 6 6 6 32 181 181 181 596 181 330 5 5 5 66 66 669 851 66 166 166 166 235 235 235 503 4 4 31 31 138 591 637 31 39 3 3 3