773 730 104 9 9 9 114 114 298 298 114 207 247 247 247 9 26 26 325 325 26 154 376 380 380 383 383 399 540 154 350 154 26 31 172 342 172 177 320 31 128 128 128 128 31 69 467 467 470 69 341 413 413 470 470 69 226 226 226 3