52 52 52 52 115 118 118 256 115 116 116 588 116 52 85 85 245 245 245 245 400 400 85 162 672 672 785 52 74 74 74 279 605 279 297 297 297 297 74 219 219 259 475 775 259 345 345 447 8 8 429 8 8 99 99 99 303 358 99 8 61 80 401 80 345 345 8 16 16