895 895 673 673 673 704 185 185 185 112 112 445 112 49 49 26 26 26 154