469 152 152 152 622 152 198 273 509 1 1 1 1 179 214 459 179 213 400 716 716 779 179 179 179 179