935 245 245 637 245 245 394 245 349 581 349 349 369 709 369 198 109 70 70 468 468 70 239 239 769 769 777 239 444 239 337 239 255 715 255 537 614 685 255 351 45 45 383 9 9 9 9 36 262 36 104 155 325 561 325 155 252 252 252 270 651 270 310 252 155 208 208 9 29 29 386 386 386 29 356 29 120 120 120 120 276 276 276 276 501 276 29 54 54