407 407 582 208 208 35 35 16 16 16 502 16 16 124 124 3 3 75 496 75 3 17 395 864 395 637 722 17 379 17 17 220 645 17 65 358 364 65 74 327 74 114 114 646 114 114 258 258 114 251 17 39 39 235 235 262 262 262 235 239 39 195 285 195 245